蝬??? 00:00:01.57
