蝬??? 00:00:02.14
