蝬??? 00:00:01.72
